******************************************************************************
                  TMS470 Linker PC v4.9.5                      
******************************************************************************
>> Linked Mon Feb 13 17:03:49 2017

OUTPUT FILE NAME:   <MTGEDHLifeCounter.out>
ENTRY POINT SYMBOL: "_c_int00"  address: 00002639


MEMORY CONFIGURATION

         name            origin    length      used     unused   attr    fill
----------------------  --------  ---------  --------  --------  ----  --------
  FLASH                 00000000   00040000  00002c54  0003d3ac  R  X
  SRAM                  20000000   00010000  00000ffc  0000f004  RW X


SEGMENT ALLOCATION MAP

run origin  load origin   length   init length attrs members
----------  ----------- ---------- ----------- ----- -------
00000000    00000000    00002c58   00002c58    r-x
  00000000    00000000    000027f4   000027f4    r-x .text
  000027f4    000027f4    00000400   00000400    r-- .const
  00002bf8    00002bf8    00000060   00000060    r-- .cinit
20000000    20000000    00000f00   00000000    rw-
  20000000    20000000    00000f00   00000000    rw- .stack
20000f00    20000f00    000000fc   00000084    rw-
  20000f00    20000f00    00000084   00000084    rw- .data
  20000f84    20000f84    00000078   00000000    rw- .bss


SECTION ALLOCATION MAP

 output                                  attributes/
section   page    origin      length       input sections
--------  ----  ----------  ----------   ----------------
.text      0    00000000    000027f4     
                  00000000    00000ea2     rtsv7M3_T_le_eabi.lib : _printfi.obj (.text)
                  00000ea2    00000002     --HOLE-- [fill = 0]
                  00000ea4    00000510     rit128x96x4.obj (.text)
                  000013b4    000003bc     main.obj (.text)
                  00001770    000001f4     rtsv7M3_T_le_eabi.lib : ull_div_t2.obj (.text)
                  00001964    000001b6                           : fd_add_t2.obj (.text)
                  00001b1a    00000002     --HOLE-- [fill = 0]
                  00001b1c    00000198     driverlib-cm3.lib : sysctl.obj (.text:SysCtlClockGet)
                  00001cb4    00000144                       : sysctl.obj (.text:SysCtlClockSet)
                  00001df8    00000136     rtsv7M3_T_le_eabi.lib : fd_div_t2.obj (.text)
                  00001f2e    000000fc                           : fd_mul_t2.obj (.text)
                  0000202a    000000c8     driverlib-cm3.lib : gpio.obj (.text:GPIOPadConfigSet)
                  000020f2    0000009c     rtsv7M3_T_le_eabi.lib : memcpy_t2.obj (.text)
                  0000218e    00000002     --HOLE-- [fill = 0]
                  00002190    00000094                           : auto_init.obj (.text)
                  00002224    0000007e                           : fd_cmp_t2.obj (.text)
                  000022a2    00000078                           : memset_t2.obj (.text)
                  0000231a    00000002     --HOLE-- [fill = 0]
                  0000231c    00000060                           : sprintf.obj (.text)
                  0000237c    0000005e                           : copy_decompress_rle.obj (.text)
                  000023da    00000002     --HOLE-- [fill = 0]
                  000023dc    00000058     driverlib-cm3.lib : sysctl.obj (.text:SysCtlPeripheralEnable)
                  00002434    00000058     rtsv7M3_T_le_eabi.lib : ltoa.obj (.text)
                  0000248c    0000004c                           : atoi.obj (.text)
                  000024d8    00000048                           : cpy_tbl.obj (.text)
                  00002520    00000048                           : fd_toi_t2.obj (.text)
                  00002568    00000046                           : xdtest.obj (.text)
                  000025ae    00000044     driverlib-cm3.lib : ssi.obj (.text:SSIConfigSetExpClk)
                  000025f2    00000002     --HOLE-- [fill = 0]
                  000025f4    00000044     rtsv7M3_T_le_eabi.lib : exit.obj (.text)
                  00002638    00000034                           : boot.obj (.text)
                  0000266c    0000002e     driverlib-cm3.lib : gpio.obj (.text:GPIODirModeSet)
                  0000269a    0000002e     rtsv7M3_T_le_eabi.lib : i_tofd_t2.obj (.text)
                  000026c8    0000001a                           : memccpy.obj (.text)
                  000026e2    00000002     --HOLE-- [fill = 0]
                  000026e4    00000018                           : _lock.obj (.text)
                  000026fc    00000018                           : args_main.obj (.text)
                  00002714    00000018                           : ll_mul_t2.obj (.text)
                  0000272c    00000014                           : strlen.obj (.text)
                  00002740    00000012     driverlib-cm3.lib : gpio.obj (.text:GPIOPinTypeGPIOInput)
                  00002752    00000012                       : gpio.obj (.text:GPIOPinTypeGPIOOutput)
                  00002764    00000012                       : gpio.obj (.text:GPIOPinTypeSSI)
                  00002776    00000012                       : ssi.obj (.text:SSIDataGetNonBlocking)
                  00002788    00000012     rtsv7M3_T_le_eabi.lib : copy_zero_init.obj (.text:decompress:ZI)
                  0000279a    0000000e                           : copy_decompress_none.obj (.text:decompress:none)
                  000027a8    0000000e                           : xdclass.obj (.text)
                  000027b6    0000000a     driverlib-cm3.lib : ssi.obj (.text:SSIDataPut)
                  000027c0    0000000a                       : ssi.obj (.text:SSIDisable)
                  000027ca    0000000a                       : ssi.obj (.text:SSIEnable)
                  000027d4    00000008                       : ssi.obj (.text:SSIBusy)
                  000027dc    00000006                       : gpio.obj (.text:GPIOPinRead)
                  000027e2    00000006                       : gpio.obj (.text:GPIOPinWrite)
                  000027e8    00000006                       : sysctl.obj (.text:SysCtlDelay)
                  000027ee    00000006     rtsv7M3_T_le_eabi.lib : copy_decompress_rle.obj (.text:decompress:rle24)

.const     0    000027f4    00000400     
                  000027f4    000001e0     rit128x96x4.obj (.const:g_pucFont)
                  000029d4    00000101     rtsv7M3_T_le_eabi.lib : ctype.obj (.const:_ctypes_)
                  00002ad5    00000003     --HOLE-- [fill = 0]
                  00002ad8    0000006c     driverlib-cm3.lib : sysctl.obj (.const:g_pulXtals)
                  00002b44    0000004f     rit128x96x4.obj (.const:g_pucRIT128x96x4Init)
                  00002b93    00000001     --HOLE-- [fill = 0]
                  00002b94    00000040     driverlib-cm3.lib : sysctl.obj (.const)
                  00002bd4    00000014     main.obj (.const)
                  00002be8    0000000c     rit128x96x4.obj (.const)

.cinit     0    00002bf8    00000060     
                  00002bf8    00000035     (.cinit..data.load) [load image, compression = rle]
                  00002c2d    00000003     --HOLE-- [fill = 0]
                  00002c30    0000000c     (__TI_handler_table)
                  00002c3c    00000004     --HOLE-- [fill = 0]
                  00002c40    00000008     (.cinit..bss.load) [load image, compression = zero_init]
                  00002c48    00000010     (__TI_cinit_table)

.stack     0    20000000    00000f00     UNINITIALIZED
                  20000000    00000f00     --HOLE--

.data      0    20000f00    00000084     
                  20000f00    00000070     rtsv7M3_T_le_eabi.lib : xlvalues.obj (.data)
                  20000f70    00000008                           : _lock.obj (.data)
                  20000f78    00000008                           : exit.obj (.data)
                  20000f80    00000004                           : stkdepth_vars.obj (.data)

.bss       0    20000f84    00000078     UNINITIALIZED
                  20000f84    0000003c     main.obj (.bss:buttons)
                  20000fc0    00000030     main.obj (.bss)
                  20000ff0    0000000c     rit128x96x4.obj (.bss)


LINKER GENERATED COPY TABLES

__TI_cinit_table @ 00002c48 records: 2, size/record: 8, table size: 16
	.data: load addr=00002bf8, load size=00000035 bytes, run addr=20000f00, run size=00000084 bytes, compression=rle
	.bss: load addr=00002c40, load size=00000008 bytes, run addr=20000f84, run size=00000078 bytes, compression=zero_init


LINKER GENERATED HANDLER TABLE

__TI_handler_table @ 00002c30 records: 3, size/record: 4, table size: 12
	index: 0, handler: __TI_decompress_rle24
	index: 1, handler: __TI_decompress_none
	index: 2, handler: __TI_zero_init


GLOBAL SYMBOLS: SORTED ALPHABETICALLY BY Name 

address    name
--------   ----
000025f5   C$$EXIT
0000266d   GPIODirModeSet
0000202b   GPIOPadConfigSet
000027dd   GPIOPinRead
00002741   GPIOPinTypeGPIOInput
00002753   GPIOPinTypeGPIOOutput
00002765   GPIOPinTypeSSI
000027e3   GPIOPinWrite
00000fad   RIT128x96x4Clear
0000123f   RIT128x96x4Disable
00001381   RIT128x96x4DisplayOff
0000134d   RIT128x96x4DisplayOn
000011e5   RIT128x96x4Enable
00001149   RIT128x96x4ImageDraw
000012ad   RIT128x96x4Init
00001019   RIT128x96x4StringDraw
UNDEFED    SHT$$INIT_ARRAY$$Base
UNDEFED    SHT$$INIT_ARRAY$$Limit
000027d5   SSIBusy
000025af   SSIConfigSetExpClk
00002777   SSIDataGetNonBlocking
000027b7   SSIDataPut
000027c1   SSIDisable
000027cb   SSIEnable
00001b1d   SysCtlClockGet
00001cb5   SysCtlClockSet
000027e9   SysCtlDelay
000023dd   SysCtlPeripheralEnable
000027a9   _Dclass
00002569   _Dtest
20000f00   _LDenorm
20000f10   _LEps
20000f20   _LInf
20000f30   _LNan
20000f50   _LRteps
20000f40   _LSnan
20000f60   _LXbig
20000f68   _LZero
20000f00   __STACK_END
00000f00   __STACK_SIZE
20000100   __STACK_TOP
00002c48   __TI_CINIT_Base
00002c58   __TI_CINIT_Limit
00002c30   __TI_Handler_Table_Base
00002c3c   __TI_Handler_Table_Limit
00000001   __TI_args_main
00002191   __TI_auto_init
0000279b   __TI_decompress_none
000027ef   __TI_decompress_rle24
00000000   __TI_static_base__
00002789   __TI_zero_init
00002225   __aeabi_cdcmpeq
00002225   __aeabi_cdcmple
00002521   __aeabi_d2iz
0000196f   __aeabi_dadd
00001df9   __aeabi_ddiv
00001f2f   __aeabi_dmul
00001965   __aeabi_dsub
0000269b   __aeabi_i2d
00002715   __aeabi_lmul
000022a3   __aeabi_memclr
000022a3   __aeabi_memclr4
000022a3   __aeabi_memclr8
000020f3   __aeabi_memcpy
000020f3   __aeabi_memcpy4
000020f3   __aeabi_memcpy8
000022a5   __aeabi_memset
000022a5   __aeabi_memset4
000022a5   __aeabi_memset8
00001771   __aeabi_uldivmod
ffffffff   __binit__
ffffffff   __c_args__
20000000   __stack
000026fd   _args_main
00002639   _c_int00
20000f78   _cleanup_ptr
000029d4   _ctypes_
20000f7c   _dtors_ptr
20000f70   _lock
000026f1   _nop
00000d0f   _printfi
000026eb   _register_lock
000026e5   _register_unlock
20000f74   _unlock
000025f9   abort
0000248d   atoi
ffffffff   binit
000013b5   buttonInit
00001427   buttonStateGet
000013d5   buttonsInitLM3S1968
000024d9   copy_in
00002601   exit
000014bf   getSelectedPlayer
00002435   ltoa
00001521   main
20000f80   main_func_sp
000026c9   memccpy
000020f3   memcpy
000022ab   memset
0000143b   playerInit
00001463   playerPrint
0000231d   sprintf
0000272d   strlen


GLOBAL SYMBOLS: SORTED BY Symbol Address 

address    name
--------   ----
00000000   __TI_static_base__
00000001   __TI_args_main
00000d0f   _printfi
00000f00   __STACK_SIZE
00000fad   RIT128x96x4Clear
00001019   RIT128x96x4StringDraw
00001149   RIT128x96x4ImageDraw
000011e5   RIT128x96x4Enable
0000123f   RIT128x96x4Disable
000012ad   RIT128x96x4Init
0000134d   RIT128x96x4DisplayOn
00001381   RIT128x96x4DisplayOff
000013b5   buttonInit
000013d5   buttonsInitLM3S1968
00001427   buttonStateGet
0000143b   playerInit
00001463   playerPrint
000014bf   getSelectedPlayer
00001521   main
00001771   __aeabi_uldivmod
00001965   __aeabi_dsub
0000196f   __aeabi_dadd
00001b1d   SysCtlClockGet
00001cb5   SysCtlClockSet
00001df9   __aeabi_ddiv
00001f2f   __aeabi_dmul
0000202b   GPIOPadConfigSet
000020f3   __aeabi_memcpy
000020f3   __aeabi_memcpy4
000020f3   __aeabi_memcpy8
000020f3   memcpy
00002191   __TI_auto_init
00002225   __aeabi_cdcmpeq
00002225   __aeabi_cdcmple
000022a3   __aeabi_memclr
000022a3   __aeabi_memclr4
000022a3   __aeabi_memclr8
000022a5   __aeabi_memset
000022a5   __aeabi_memset4
000022a5   __aeabi_memset8
000022ab   memset
0000231d   sprintf
000023dd   SysCtlPeripheralEnable
00002435   ltoa
0000248d   atoi
000024d9   copy_in
00002521   __aeabi_d2iz
00002569   _Dtest
000025af   SSIConfigSetExpClk
000025f5   C$$EXIT
000025f9   abort
00002601   exit
00002639   _c_int00
0000266d   GPIODirModeSet
0000269b   __aeabi_i2d
000026c9   memccpy
000026e5   _register_unlock
000026eb   _register_lock
000026f1   _nop
000026fd   _args_main
00002715   __aeabi_lmul
0000272d   strlen
00002741   GPIOPinTypeGPIOInput
00002753   GPIOPinTypeGPIOOutput
00002765   GPIOPinTypeSSI
00002777   SSIDataGetNonBlocking
00002789   __TI_zero_init
0000279b   __TI_decompress_none
000027a9   _Dclass
000027b7   SSIDataPut
000027c1   SSIDisable
000027cb   SSIEnable
000027d5   SSIBusy
000027dd   GPIOPinRead
000027e3   GPIOPinWrite
000027e9   SysCtlDelay
000027ef   __TI_decompress_rle24
000029d4   _ctypes_
00002c30   __TI_Handler_Table_Base
00002c3c   __TI_Handler_Table_Limit
00002c48   __TI_CINIT_Base
00002c58   __TI_CINIT_Limit
20000000   __stack
20000100   __STACK_TOP
20000f00   _LDenorm
20000f00   __STACK_END
20000f10   _LEps
20000f20   _LInf
20000f30   _LNan
20000f40   _LSnan
20000f50   _LRteps
20000f60   _LXbig
20000f68   _LZero
20000f70   _lock
20000f74   _unlock
20000f78   _cleanup_ptr
20000f7c   _dtors_ptr
20000f80   main_func_sp
ffffffff   __binit__
ffffffff   __c_args__
ffffffff   binit
UNDEFED    SHT$$INIT_ARRAY$$Base
UNDEFED    SHT$$INIT_ARRAY$$Limit

[103 symbols]
